pi-review: note — --retries 2 = 2 re-attempt(s) after the first (3 attempt(s) total); before T2b it meant 2 attempt(s) total
pi-review: item "s2-knowledge-renderer" (git:/Users/jwang/nana-pi/.git): 1 round(s) used (1 completed, 0 review(s) in flight); admitted as round 2/3 (confirm @ 3438a3d53f8c)
[pi-review] attempt 1/3
  [pi-review a1] cpu=0.88s flat=0/15
  [pi-review a1] cpu=0.89s flat=0/15
  [pi-review a1] cpu=0.89s flat=1/15
  [pi-review a1] cpu=0.92s flat=0/15
  [pi-review a1] cpu=0.94s flat=0/15
  [pi-review a1] cpu=1.03s flat=0/15
  [pi-review a1] cpu=1.2s flat=0/15
  [pi-review a1] cpu=1.46s flat=0/15
  [pi-review a1] cpu=1.48s flat=0/15
  [pi-review a1] cpu=1.48s flat=1/15
  [pi-review a1] cpu=1.48s flat=2/15
  [pi-review a1] cpu=1.48s flat=3/15
  [pi-review a1] cpu=1.49s flat=0/15
  [pi-review a1] cpu=1.49s flat=1/15
  [pi-review a1] cpu=1.49s flat=2/15
  [pi-review a1] cpu=1.49s flat=3/15
  [pi-review a1] cpu=1.5s flat=0/15
  [pi-review a1] cpu=1.5s flat=1/15
  [pi-review a1] cpu=1.5s flat=2/15
  [pi-review a1] cpu=1.5s flat=3/15
  [pi-review a1] cpu=1.52s flat=0/15
  [pi-review a1] cpu=1.69s flat=0/15
[pi-review] SUCCESS on attempt 1 (5371 chars → /Users/jwang/nana-pi/docs/reviews/s2-2026-09-29/s2-sol-r2.md; round 2)
