pi-review: note — --retries 2 = 2 re-attempt(s) after the first (3 attempt(s) total); before T2b it meant 2 attempt(s) total
pi-review: item "s2-knowledge-renderer" (git:/Users/jwang/nana-pi/.git): 2 round(s) used (2 completed, 0 review(s) in flight); admitted as round 3/3 (confirm-land @ 395e0633c6f8)
[pi-review] attempt 1/3
  [pi-review a1] cpu=0.93s flat=0/15
  [pi-review a1] cpu=0.93s flat=1/15
  [pi-review a1] cpu=0.93s flat=2/15
  [pi-review a1] cpu=0.99s flat=0/15
  [pi-review a1] cpu=1.08s flat=0/15
  [pi-review a1] cpu=1.09s flat=0/15
  [pi-review a1] cpu=1.09s flat=1/15
  [pi-review a1] cpu=1.1s flat=0/15
  [pi-review a1] cpu=1.1s flat=1/15
  [pi-review a1] cpu=1.1s flat=2/15
  [pi-review a1] cpu=1.1s flat=3/15
  [pi-review a1] cpu=1.11s flat=0/15
  [pi-review a1] cpu=1.11s flat=1/15
  [pi-review a1] cpu=1.11s flat=2/15
  [pi-review a1] cpu=1.11s flat=3/15
  [pi-review a1] cpu=1.12s flat=0/15
  [pi-review a1] cpu=1.12s flat=1/15
  [pi-review a1] cpu=1.12s flat=2/15
  [pi-review a1] cpu=1.21s flat=0/15
  [pi-review a1] cpu=1.44s flat=0/15
  [pi-review a1] cpu=1.58s flat=0/15
  [pi-review a1] cpu=1.64s flat=0/15
  [pi-review a1] cpu=1.7s flat=0/15
  [pi-review a1] cpu=1.85s flat=0/15
[pi-review] SUCCESS on attempt 1 (4296 chars → /Users/jwang/nana-pi/docs/reviews/s2-2026-09-29/s2-sol-r3.md; round 3)
