pi-review: note — --retries 2 = 2 re-attempt(s) after the first (3 attempt(s) total); before T2b it meant 2 attempt(s) total
pi-review: item "l5-directory-adoption" (git:/Users/jwang/nana-pi/.git): 1 round(s) used (1 completed, 0 review(s) in flight); admitted as round 2/3 (confirm @ fc537c1d0e39)
[pi-review] attempt 1/3
  [pi-review a1] cpu=0.88s flat=0/15
  [pi-review a1] cpu=0.88s flat=1/15
  [pi-review a1] cpu=0.94s flat=0/15
  [pi-review a1] cpu=0.96s flat=0/15
  [pi-review a1] cpu=1.03s flat=0/15
  [pi-review a1] cpu=1.06s flat=0/15
  [pi-review a1] cpu=1.14s flat=0/15
  [pi-review a1] cpu=1.4s flat=0/15
  [pi-review a1] cpu=1.41s flat=0/15
  [pi-review a1] cpu=1.41s flat=1/15
  [pi-review a1] cpu=1.41s flat=2/15
  [pi-review a1] cpu=1.42s flat=0/15
  [pi-review a1] cpu=1.42s flat=1/15
  [pi-review a1] cpu=1.42s flat=2/15
  [pi-review a1] cpu=1.42s flat=3/15
  [pi-review a1] cpu=1.43s flat=0/15
  [pi-review a1] cpu=1.43s flat=1/15
  [pi-review a1] cpu=1.43s flat=2/15
  [pi-review a1] cpu=1.43s flat=3/15
  [pi-review a1] cpu=1.46s flat=0/15
  [pi-review a1] cpu=1.5s flat=0/15
  [pi-review a1] cpu=1.71s flat=0/15
[pi-review] SUCCESS on attempt 1 (4682 chars → /Users/jwang/nana-pi/docs/reviews/l5-2026-09-29/l5-sol-r2.md; round 2)
