pi-review: note — --retries 2 = 2 re-attempt(s) after the first (3 attempt(s) total); before T2b it meant 2 attempt(s) total
pi-review: item "l5-directory-adoption" (git:/Users/jwang/nana-pi/.git): 0 round(s) used (0 completed, 0 review(s) in flight); admitted as round 1/3 (scope-adversarial @ 2f0b6e46cf03)
[pi-review] attempt 1/3
  [pi-review a1] cpu=1.13s flat=0/15
  [pi-review a1] cpu=1.14s flat=0/15
  [pi-review a1] cpu=1.2s flat=0/15
  [pi-review a1] cpu=1.23s flat=0/15
  [pi-review a1] cpu=1.26s flat=0/15
  [pi-review a1] cpu=1.47s flat=0/15
  [pi-review a1] cpu=1.9s flat=0/15
  [pi-review a1] cpu=2.06s flat=0/15
  [pi-review a1] cpu=2.32s flat=0/15
  [pi-review a1] cpu=2.43s flat=0/15
  [pi-review a1] cpu=2.52s flat=0/15
  [pi-review a1] cpu=2.53s flat=0/15
  [pi-review a1] cpu=2.53s flat=1/15
  [pi-review a1] cpu=2.53s flat=2/15
  [pi-review a1] cpu=2.53s flat=3/15
  [pi-review a1] cpu=2.54s flat=0/15
  [pi-review a1] cpu=2.54s flat=1/15
  [pi-review a1] cpu=2.54s flat=2/15
  [pi-review a1] cpu=2.54s flat=3/15
  [pi-review a1] cpu=2.55s flat=0/15
  [pi-review a1] cpu=2.55s flat=1/15
  [pi-review a1] cpu=2.55s flat=2/15
  [pi-review a1] cpu=2.58s flat=0/15
  [pi-review a1] cpu=2.74s flat=0/15
  [pi-review a1] cpu=2.8s flat=0/15
  [pi-review a1] cpu=2.84s flat=0/15
  [pi-review a1] cpu=2.95s flat=0/15
  [pi-review a1] cpu=3.11s flat=0/15
[pi-review] SUCCESS on attempt 1 (8097 chars → /Users/jwang/nana-pi/docs/reviews/l5-2026-09-29/l5-sol-r1.md; round 1)
