pi-review: note — --retries 2 = 2 re-attempt(s) after the first (3 attempt(s) total); before T2b it meant 2 attempt(s) total
pi-review: item "writing-trial" (git:/Users/jwang/nana-pi/.git): 2 round(s) used (2 completed, 0 review(s) in flight); admitted as round 3/3 (adversarial @ b21c170a80a6)
[pi-review] attempt 1/3
  [pi-review a1] cpu=0.85s flat=0/15
  [pi-review a1] cpu=0.95s flat=0/15
  [pi-review a1] cpu=1.08s flat=0/15
  [pi-review a1] cpu=1.14s flat=0/15
  [pi-review a1] cpu=1.14s flat=1/15
  [pi-review a1] cpu=1.14s flat=2/15
  [pi-review a1] cpu=1.14s flat=3/15
  [pi-review a1] cpu=1.14s flat=4/15
  [pi-review a1] cpu=1.15s flat=0/15
  [pi-review a1] cpu=1.15s flat=1/15
  [pi-review a1] cpu=1.15s flat=2/15
  [pi-review a1] cpu=1.15s flat=3/15
  [pi-review a1] cpu=1.15s flat=4/15
  [pi-review a1] cpu=1.25s flat=0/15
  [pi-review a1] cpu=1.3s flat=0/15
  [pi-review a1] cpu=1.31s flat=0/15
  [pi-review a1] cpu=1.31s flat=1/15
  [pi-review a1] cpu=1.31s flat=2/15
  [pi-review a1] cpu=1.31s flat=3/15
  [pi-review a1] cpu=1.31s flat=4/15
  [pi-review a1] cpu=1.31s flat=5/15
  [pi-review a1] cpu=1.32s flat=0/15
  [pi-review a1] cpu=1.32s flat=1/15
  [pi-review a1] cpu=1.32s flat=2/15
  [pi-review a1] cpu=1.32s flat=3/15
  [pi-review a1] cpu=1.32s flat=4/15
  [pi-review a1] cpu=1.32s flat=5/15
  [pi-review a1] cpu=1.33s flat=0/15
  [pi-review a1] cpu=1.41s flat=0/15
  [pi-review a1] cpu=1.64s flat=0/15
  [pi-review a1] cpu=1.79s flat=0/15
  [pi-review a1] cpu=1.98s flat=0/15
  [pi-review a1] cpu=2.08s flat=0/15
  [pi-review a1] cpu=2.19s flat=0/15
  [pi-review a1] cpu=2.29s flat=0/15
  [pi-review a1] cpu=2.39s flat=0/15
  [pi-review a1] cpu=2.43s flat=0/15
  [pi-review a1] cpu=2.48s flat=0/15
  [pi-review a1] cpu=2.63s flat=0/15
  [pi-review a1] cpu=2.74s flat=0/15
  [pi-review a1] cpu=2.85s flat=0/15
[pi-review] SUCCESS on attempt 1 (10474 chars → /Users/jwang/nana-pi/docs/reviews/writing-trial-2026-10-04/astra-r3.md; round 3)
