pi-review: note — --retries 2 = 2 re-attempt(s) after the first (3 attempt(s) total); before T2b it meant 2 attempt(s) total
pi-review: item "writing-trial" (git:/Users/jwang/nana-pi/.git): 0 round(s) used (0 completed, 0 review(s) in flight); admitted as round 1/3 (adversarial @ 0d9eff38511f)
[pi-review] attempt 1/3
  [pi-review a1] cpu=0.82s flat=0/15
  [pi-review a1] cpu=0.84s flat=0/15
  [pi-review a1] cpu=0.86s flat=0/15
  [pi-review a1] cpu=0.93s flat=0/15
  [pi-review a1] cpu=0.95s flat=0/15
  [pi-review a1] cpu=0.96s flat=0/15
  [pi-review a1] cpu=0.99s flat=0/15
  [pi-review a1] cpu=1.06s flat=0/15
  [pi-review a1] cpu=1.2s flat=0/15
  [pi-review a1] cpu=1.37s flat=0/15
  [pi-review a1] cpu=1.39s flat=0/15
  [pi-review a1] cpu=1.46s flat=0/15
  [pi-review a1] cpu=1.7s flat=0/15
  [pi-review a1] cpu=1.89s flat=0/15
  [pi-review a1] cpu=1.96s flat=0/15
  [pi-review a1] cpu=2.23s flat=0/15
  [pi-review a1] cpu=2.28s flat=0/15
  [pi-review a1] cpu=2.38s flat=0/15
  [pi-review a1] cpu=2.4s flat=0/15
  [pi-review a1] cpu=2.43s flat=0/15
  [pi-review a1] cpu=2.43s flat=1/15
  [pi-review a1] cpu=2.43s flat=2/15
  [pi-review a1] cpu=2.43s flat=3/15
  [pi-review a1] cpu=2.43s flat=4/15
  [pi-review a1] cpu=2.44s flat=0/15
  [pi-review a1] cpu=2.44s flat=1/15
  [pi-review a1] cpu=2.44s flat=2/15
  [pi-review a1] cpu=2.44s flat=3/15
  [pi-review a1] cpu=2.44s flat=4/15
  [pi-review a1] cpu=2.44s flat=5/15
  [pi-review a1] cpu=2.44s flat=6/15
  [pi-review a1] cpu=2.45s flat=0/15
  [pi-review a1] cpu=2.45s flat=1/15
  [pi-review a1] cpu=2.45s flat=2/15
  [pi-review a1] cpu=2.47s flat=0/15
  [pi-review a1] cpu=2.57s flat=0/15
  [pi-review a1] cpu=2.59s flat=0/15
  [pi-review a1] cpu=2.74s flat=0/15
  [pi-review a1] cpu=2.79s flat=0/15
  [pi-review a1] cpu=2.86s flat=0/15
  [pi-review a1] cpu=2.99s flat=0/15
  [pi-review a1] cpu=3.16s flat=0/15
  [pi-review a1] cpu=3.28s flat=0/15
  [pi-review a1] cpu=3.4s flat=0/15
  [pi-review a1] cpu=3.53s flat=0/15
[pi-review] SUCCESS on attempt 1 (11782 chars → /Users/jwang/nana-pi/docs/reviews/writing-trial-2026-10-04/astra-r1.md; round 1)
