pi-review: note — --retries 2 = 2 re-attempt(s) after the first (3 attempt(s) total); before T2b it meant 2 attempt(s) total
pi-review: item "writing-trial" (git:/Users/jwang/nana-pi/.git): 1 round(s) used (1 completed, 0 review(s) in flight); admitted as round 2/3 (adversarial @ cb21608b535b)
[pi-review] attempt 1/3
  [pi-review a1] cpu=0.85s flat=0/15
  [pi-review a1] cpu=0.91s flat=0/15
  [pi-review a1] cpu=0.93s flat=0/15
  [pi-review a1] cpu=0.98s flat=0/15
  [pi-review a1] cpu=1s flat=0/15
  [pi-review a1] cpu=1.04s flat=0/15
  [pi-review a1] cpu=1.09s flat=0/15
  [pi-review a1] cpu=1.09s flat=1/15
  [pi-review a1] cpu=1.09s flat=2/15
  [pi-review a1] cpu=1.09s flat=3/15
  [pi-review a1] cpu=1.09s flat=4/15
  [pi-review a1] cpu=1.09s flat=5/15
  [pi-review a1] cpu=1.1s flat=0/15
  [pi-review a1] cpu=1.1s flat=1/15
  [pi-review a1] cpu=1.1s flat=2/15
  [pi-review a1] cpu=1.1s flat=3/15
  [pi-review a1] cpu=1.11s flat=0/15
  [pi-review a1] cpu=1.17s flat=0/15
  [pi-review a1] cpu=1.24s flat=0/15
  [pi-review a1] cpu=1.25s flat=0/15
  [pi-review a1] cpu=1.28s flat=0/15
  [pi-review a1] cpu=1.28s flat=1/15
  [pi-review a1] cpu=1.28s flat=2/15
  [pi-review a1] cpu=1.28s flat=3/15
  [pi-review a1] cpu=1.28s flat=4/15
  [pi-review a1] cpu=1.28s flat=5/15
  [pi-review a1] cpu=1.28s flat=6/15
  [pi-review a1] cpu=1.29s flat=0/15
  [pi-review a1] cpu=1.29s flat=1/15
  [pi-review a1] cpu=1.29s flat=2/15
  [pi-review a1] cpu=1.29s flat=3/15
  [pi-review a1] cpu=1.29s flat=4/15
  [pi-review a1] cpu=1.29s flat=5/15
  [pi-review a1] cpu=1.3s flat=0/15
  [pi-review a1] cpu=1.31s flat=0/15
  [pi-review a1] cpu=1.47s flat=0/15
  [pi-review a1] cpu=1.51s flat=0/15
  [pi-review a1] cpu=1.63s flat=0/15
  [pi-review a1] cpu=1.72s flat=0/15
  [pi-review a1] cpu=1.82s flat=0/15
  [pi-review a1] cpu=1.85s flat=0/15
  [pi-review a1] cpu=1.99s flat=0/15
  [pi-review a1] cpu=2.09s flat=0/15
  [pi-review a1] cpu=2.2s flat=0/15
  [pi-review a1] cpu=2.24s flat=0/15
  [pi-review a1] cpu=2.26s flat=0/15
  [pi-review a1] cpu=2.39s flat=0/15
  [pi-review a1] cpu=2.42s flat=0/15
  [pi-review a1] cpu=2.49s flat=0/15
  [pi-review a1] cpu=2.64s flat=0/15
  [pi-review a1] cpu=2.65s flat=0/15
  [pi-review a1] cpu=2.73s flat=0/15
  [pi-review a1] cpu=2.79s flat=0/15
  [pi-review a1] cpu=2.81s flat=0/15
  [pi-review a1] cpu=2.88s flat=0/15
  [pi-review a1] cpu=3.01s flat=0/15
  [pi-review a1] cpu=3.09s flat=0/15
  [pi-review a1] cpu=3.19s flat=0/15
[pi-review] SUCCESS on attempt 1 (12064 chars → /Users/jwang/nana-pi/docs/reviews/writing-trial-2026-10-04/astra-r2.md; round 2)
