pi-review: note — --retries 2 = 2 re-attempt(s) after the first (3 attempt(s) total); before T2b it meant 2 attempt(s) total
pi-review: item "ears-form-batch0" (git:/Users/jwang/nana-pi/.git): 2 round(s) used (2 completed, 0 review(s) in flight); admitted as round 3/3 (adversarial @ eac6906748b3)
[pi-review] attempt 1/3
  [pi-review a1] cpu=0.87s flat=0/15
  [pi-review a1] cpu=0.97s flat=0/15
  [pi-review a1] cpu=1.08s flat=0/15
  [pi-review a1] cpu=1.11s flat=0/15
  [pi-review a1] cpu=1.17s flat=0/15
  [pi-review a1] cpu=1.26s flat=0/15
  [pi-review a1] cpu=1.47s flat=0/15
  [pi-review a1] cpu=1.53s flat=0/15
  [pi-review a1] cpu=1.7s flat=0/15
  [pi-review a1] cpu=1.76s flat=0/15
  [pi-review a1] cpu=1.9s flat=0/15
  [pi-review a1] cpu=1.92s flat=0/15
  [pi-review a1] cpu=1.92s flat=1/15
  [pi-review a1] cpu=1.92s flat=2/15
  [pi-review a1] cpu=1.92s flat=3/15
  [pi-review a1] cpu=1.93s flat=0/15
  [pi-review a1] cpu=1.93s flat=1/15
  [pi-review a1] cpu=1.93s flat=2/15
  [pi-review a1] cpu=1.93s flat=3/15
  [pi-review a1] cpu=1.93s flat=4/15
  [pi-review a1] cpu=1.93s flat=5/15
  [pi-review a1] cpu=1.93s flat=6/15
  [pi-review a1] cpu=1.94s flat=0/15
  [pi-review a1] cpu=2.03s flat=0/15
  [pi-review a1] cpu=2.05s flat=0/15
  [pi-review a1] cpu=2.16s flat=0/15
  [pi-review a1] cpu=2.29s flat=0/15
  [pi-review a1] cpu=2.32s flat=0/15
  [pi-review a1] cpu=2.46s flat=0/15
  [pi-review a1] cpu=2.53s flat=0/15
  [pi-review a1] cpu=2.7s flat=0/15
  [pi-review a1] cpu=2.82s flat=0/15
[pi-review] SUCCESS on attempt 1 (7550 chars → /Users/jwang/nana-pi/docs/reviews/ears-form-2026-10-04/batch0-astra-r3.md; round 3)
