pi-review: note — --retries 2 = 2 re-attempt(s) after the first (3 attempt(s) total); before T2b it meant 2 attempt(s) total
pi-review: item "ears-form-b" (git:/Users/jwang/nana-pi/.git): 0 round(s) used (0 completed, 0 review(s) in flight); admitted as round 1/3 (adversarial @ 42e46e04d2eb)
[pi-review] attempt 1/3
  [pi-review a1] cpu=1.13s flat=0/15
  [pi-review a1] cpu=1.36s flat=0/15
  [pi-review a1] cpu=1.52s flat=0/15
  [pi-review a1] cpu=1.77s flat=0/15
  [pi-review a1] cpu=1.92s flat=0/15
  [pi-review a1] cpu=2.08s flat=0/15
  [pi-review a1] cpu=2.22s flat=0/15
  [pi-review a1] cpu=2.53s flat=0/15
  [pi-review a1] cpu=2.77s flat=0/15
  [pi-review a1] cpu=2.78s flat=0/15
  [pi-review a1] cpu=2.78s flat=1/15
  [pi-review a1] cpu=2.81s flat=0/15
  [pi-review a1] cpu=2.91s flat=0/15
  [pi-review a1] cpu=2.94s flat=0/15
  [pi-review a1] cpu=3.01s flat=0/15
  [pi-review a1] cpu=3.13s flat=0/15
  [pi-review a1] cpu=3.22s flat=0/15
  [pi-review a1] cpu=3.46s flat=0/15
  [pi-review a1] cpu=3.49s flat=0/15
  [pi-review a1] cpu=3.5s flat=0/15
  [pi-review a1] cpu=3.58s flat=0/15
  [pi-review a1] cpu=3.86s flat=0/15
  [pi-review a1] cpu=4.08s flat=0/15
  [pi-review a1] cpu=4.25s flat=0/15
  [pi-review a1] cpu=4.5s flat=0/15
  [pi-review a1] cpu=4.72s flat=0/15
  [pi-review a1] cpu=4.94s flat=0/15
[pi-review] SUCCESS on attempt 1 (17340 chars → /Users/jwang/nana-pi/docs/reviews/ears-form-2026-10-04/batch-b-astra-r1.md; round 1)
