pi-review: note — --retries 2 = 2 re-attempt(s) after the first (3 attempt(s) total); before T2b it meant 2 attempt(s) total
pi-review: item "ears-form-a1" (git:/Users/jwang/nana-pi/.git): 1 round(s) used (1 completed, 0 review(s) in flight); admitted as round 2/3 (adversarial @ 892809f071fd)
[pi-review] attempt 1/3
  [pi-review a1] cpu=0.89s flat=0/15
  [pi-review a1] cpu=0.92s flat=0/15
  [pi-review a1] cpu=1s flat=0/15
  [pi-review a1] cpu=1.12s flat=0/15
  [pi-review a1] cpu=1.16s flat=0/15
  [pi-review a1] cpu=1.32s flat=0/15
  [pi-review a1] cpu=1.55s flat=0/15
  [pi-review a1] cpu=1.71s flat=0/15
  [pi-review a1] cpu=1.96s flat=0/15
  [pi-review a1] cpu=2.04s flat=0/15
  [pi-review a1] cpu=2.25s flat=0/15
  [pi-review a1] cpu=2.41s flat=0/15
  [pi-review a1] cpu=2.43s flat=0/15
  [pi-review a1] cpu=2.49s flat=0/15
  [pi-review a1] cpu=2.5s flat=0/15
  [pi-review a1] cpu=2.51s flat=0/15
  [pi-review a1] cpu=2.63s flat=0/15
  [pi-review a1] cpu=2.69s flat=0/15
  [pi-review a1] cpu=2.72s flat=0/15
  [pi-review a1] cpu=2.83s flat=0/15
  [pi-review a1] cpu=2.89s flat=0/15
  [pi-review a1] cpu=2.96s flat=0/15
  [pi-review a1] cpu=3.03s flat=0/15
  [pi-review a1] cpu=3.14s flat=0/15
  [pi-review a1] cpu=3.26s flat=0/15
  [pi-review a1] cpu=3.34s flat=0/15
[pi-review] SUCCESS on attempt 1 (10069 chars → /Users/jwang/nana-pi/docs/reviews/ears-form-2026-10-04/batch-a1-astra-r2.md; round 2)
