pi-review: note — --retries 2 = 2 re-attempt(s) after the first (3 attempt(s) total); before T2b it meant 2 attempt(s) total
pi-review: item "ears-form-a1" (git:/Users/jwang/nana-pi/.git): 0 round(s) used (0 completed, 0 review(s) in flight); admitted as round 1/3 (adversarial @ 404644fbdcad)
[pi-review] attempt 1/3
  [pi-review a1] cpu=0.87s flat=0/15
  [pi-review a1] cpu=1s flat=0/15
  [pi-review a1] cpu=1.11s flat=0/15
  [pi-review a1] cpu=1.24s flat=0/15
  [pi-review a1] cpu=1.31s flat=0/15
  [pi-review a1] cpu=1.45s flat=0/15
  [pi-review a1] cpu=1.67s flat=0/15
  [pi-review a1] cpu=2s flat=0/15
  [pi-review a1] cpu=2.06s flat=0/15
  [pi-review a1] cpu=2.06s flat=1/15
  [pi-review a1] cpu=2.07s flat=0/15
  [pi-review a1] cpu=2.07s flat=1/15
  [pi-review a1] cpu=2.07s flat=2/15
  [pi-review a1] cpu=2.1s flat=0/15
  [pi-review a1] cpu=2.13s flat=0/15
  [pi-review a1] cpu=2.19s flat=0/15
  [pi-review a1] cpu=2.36s flat=0/15
  [pi-review a1] cpu=2.36s flat=1/15
  [pi-review a1] cpu=2.36s flat=2/15
  [pi-review a1] cpu=2.51s flat=0/15
  [pi-review a1] cpu=2.62s flat=0/15
  [pi-review a1] cpu=2.69s flat=0/15
  [pi-review a1] cpu=2.86s flat=0/15
  [pi-review a1] cpu=2.98s flat=0/15
  [pi-review a1] cpu=3.1s flat=0/15
  [pi-review a1] cpu=3.21s flat=0/15
  [pi-review a1] cpu=3.33s flat=0/15
[pi-review] SUCCESS on attempt 1 (10635 chars → /Users/jwang/nana-pi/docs/reviews/ears-form-2026-10-04/batch-a1-astra-r1.md; round 1)
