pi-review: note — --retries 2 = 2 re-attempt(s) after the first (3 attempt(s) total); before T2b it meant 2 attempt(s) total
pi-review: item "ears-form-a3" (git:/Users/jwang/nana-pi/.git): 1 round(s) used (1 completed, 0 review(s) in flight); admitted as round 2/3 (adversarial @ fa1cf89a8c60)
[pi-review] attempt 1/3
  [pi-review a1] cpu=0.91s flat=0/15
  [pi-review a1] cpu=1.04s flat=0/15
  [pi-review a1] cpu=1.08s flat=0/15
  [pi-review a1] cpu=1.3s flat=0/15
  [pi-review a1] cpu=1.55s flat=0/15
  [pi-review a1] cpu=1.64s flat=0/15
  [pi-review a1] cpu=1.66s flat=0/15
  [pi-review a1] cpu=1.77s flat=0/15
  [pi-review a1] cpu=1.79s flat=0/15
  [pi-review a1] cpu=1.81s flat=0/15
  [pi-review a1] cpu=1.91s flat=0/15
  [pi-review a1] cpu=2.08s flat=0/15
  [pi-review a1] cpu=2.11s flat=0/15
  [pi-review a1] cpu=2.22s flat=0/15
  [pi-review a1] cpu=2.28s flat=0/15
  [pi-review a1] cpu=2.38s flat=0/15
  [pi-review a1] cpu=2.41s flat=0/15
  [pi-review a1] cpu=2.41s flat=1/15
  [pi-review a1] cpu=2.42s flat=0/15
  [pi-review a1] cpu=2.42s flat=1/15
  [pi-review a1] cpu=2.42s flat=2/15
  [pi-review a1] cpu=2.42s flat=3/15
  [pi-review a1] cpu=2.46s flat=0/15
  [pi-review a1] cpu=2.54s flat=0/15
  [pi-review a1] cpu=2.55s flat=0/15
  [pi-review a1] cpu=2.55s flat=1/15
  [pi-review a1] cpu=2.56s flat=0/15
  [pi-review a1] cpu=2.59s flat=0/15
  [pi-review a1] cpu=2.6s flat=0/15
  [pi-review a1] cpu=2.62s flat=0/15
  [pi-review a1] cpu=2.71s flat=0/15
  [pi-review a1] cpu=2.79s flat=0/15
  [pi-review a1] cpu=2.88s flat=0/15
  [pi-review a1] cpu=3.02s flat=0/15
  [pi-review a1] cpu=3.14s flat=0/15
  [pi-review a1] cpu=3.3s flat=0/15
[pi-review] SUCCESS on attempt 1 (10066 chars → /Users/jwang/nana-pi/docs/reviews/ears-form-2026-10-04/batch-a3-astra-r2.md; round 2)
