pi-review: note — --retries 2 = 2 re-attempt(s) after the first (3 attempt(s) total); before T2b it meant 2 attempt(s) total
pi-review: item "ears-form-a2" (git:/Users/jwang/nana-pi/.git): 1 round(s) used (1 completed, 0 review(s) in flight); admitted as round 2/3 (adversarial @ 74f6168c04ea)
[pi-review] attempt 1/3
  [pi-review a1] cpu=0.92s flat=0/15
  [pi-review a1] cpu=1.03s flat=0/15
  [pi-review a1] cpu=1.2s flat=0/15
  [pi-review a1] cpu=1.25s flat=0/15
  [pi-review a1] cpu=1.27s flat=0/15
  [pi-review a1] cpu=1.27s flat=1/15
  [pi-review a1] cpu=1.27s flat=2/15
  [pi-review a1] cpu=1.27s flat=3/15
  [pi-review a1] cpu=1.28s flat=0/15
  [pi-review a1] cpu=1.28s flat=1/15
  [pi-review a1] cpu=1.28s flat=2/15
  [pi-review a1] cpu=1.28s flat=3/15
  [pi-review a1] cpu=1.28s flat=4/15
  [pi-review a1] cpu=1.3s flat=0/15
  [pi-review a1] cpu=1.43s flat=0/15
  [pi-review a1] cpu=1.66s flat=0/15
  [pi-review a1] cpu=1.71s flat=0/15
  [pi-review a1] cpu=1.9s flat=0/15
  [pi-review a1] cpu=2s flat=0/15
  [pi-review a1] cpu=2.06s flat=0/15
  [pi-review a1] cpu=2.15s flat=0/15
  [pi-review a1] cpu=2.28s flat=0/15
  [pi-review a1] cpu=2.42s flat=0/15
  [pi-review a1] cpu=2.54s flat=0/15
  [pi-review a1] cpu=2.7s flat=0/15
[pi-review] SUCCESS on attempt 1 (10278 chars → /Users/jwang/nana-pi/docs/reviews/ears-form-2026-10-04/batch-a2-astra-r2.md; round 2)
