pi-review: note — --retries 2 = 2 re-attempt(s) after the first (3 attempt(s) total); before T2b it meant 2 attempt(s) total
pi-review: item "ears-form-a3" (git:/Users/jwang/nana-pi/.git): 0 round(s) used (0 completed, 0 review(s) in flight); admitted as round 1/3 (adversarial @ 16792b59c5ee)
[pi-review] attempt 1/3
  [pi-review a1] cpu=0.9s flat=0/15
  [pi-review a1] cpu=0.96s flat=0/15
  [pi-review a1] cpu=1.05s flat=0/15
  [pi-review a1] cpu=1.18s flat=0/15
  [pi-review a1] cpu=1.25s flat=0/15
  [pi-review a1] cpu=1.32s flat=0/15
  [pi-review a1] cpu=1.39s flat=0/15
  [pi-review a1] cpu=1.49s flat=0/15
  [pi-review a1] cpu=1.49s flat=1/15
  [pi-review a1] cpu=1.49s flat=2/15
  [pi-review a1] cpu=1.49s flat=3/15
  [pi-review a1] cpu=1.59s flat=0/15
  [pi-review a1] cpu=1.65s flat=0/15
  [pi-review a1] cpu=1.67s flat=0/15
  [pi-review a1] cpu=1.77s flat=0/15
  [pi-review a1] cpu=1.79s flat=0/15
  [pi-review a1] cpu=1.89s flat=0/15
  [pi-review a1] cpu=1.92s flat=0/15
  [pi-review a1] cpu=1.92s flat=1/15
  [pi-review a1] cpu=1.92s flat=2/15
  [pi-review a1] cpu=1.94s flat=0/15
  [pi-review a1] cpu=2.03s flat=0/15
  [pi-review a1] cpu=2.24s flat=0/15
  [pi-review a1] cpu=2.26s flat=0/15
  [pi-review a1] cpu=2.33s flat=0/15
  [pi-review a1] cpu=2.35s flat=0/15
  [pi-review a1] cpu=2.41s flat=0/15
  [pi-review a1] cpu=2.49s flat=0/15
  [pi-review a1] cpu=2.53s flat=0/15
  [pi-review a1] cpu=2.56s flat=0/15
  [pi-review a1] cpu=2.69s flat=0/15
  [pi-review a1] cpu=2.79s flat=0/15
  [pi-review a1] cpu=2.92s flat=0/15
  [pi-review a1] cpu=3.03s flat=0/15
  [pi-review a1] cpu=3.14s flat=0/15
  [pi-review a1] cpu=3.23s flat=0/15
  [pi-review a1] cpu=3.29s flat=0/15
[pi-review] SUCCESS on attempt 1 (13815 chars → /Users/jwang/nana-pi/docs/reviews/ears-form-2026-10-04/batch-a3-astra-r1.md; round 1)
