pi-review: note — --retries 2 = 2 re-attempt(s) after the first (3 attempt(s) total); before T2b it meant 2 attempt(s) total
pi-review: item "pi-1.0-adoption" (git:/Users/jwang/nana-pi/.git): 0 round(s) used (0 completed, 0 review(s) in flight); admitted as round 1/3 (adversarial @ 0ba4a2e651a5)
[pi-review] attempt 1/3
  [pi-review a1] cpu=1.03s flat=0/15
  [pi-review a1] cpu=1.13s flat=0/15
  [pi-review a1] cpu=1.31s flat=0/15
  [pi-review a1] cpu=1.46s flat=0/15
  [pi-review a1] cpu=1.54s flat=0/15
  [pi-review a1] cpu=1.73s flat=0/15
  [pi-review a1] cpu=2s flat=0/15
  [pi-review a1] cpu=2.14s flat=0/15
  [pi-review a1] cpu=2.35s flat=0/15
  [pi-review a1] cpu=2.42s flat=0/15
  [pi-review a1] cpu=2.42s flat=1/15
  [pi-review a1] cpu=2.42s flat=2/15
  [pi-review a1] cpu=2.42s flat=3/15
  [pi-review a1] cpu=2.42s flat=4/15
  [pi-review a1] cpu=2.42s flat=5/15
  [pi-review a1] cpu=2.43s flat=0/15
  [pi-review a1] cpu=2.43s flat=1/15
  [pi-review a1] cpu=2.43s flat=2/15
  [pi-review a1] cpu=2.43s flat=3/15
  [pi-review a1] cpu=2.43s flat=4/15
  [pi-review a1] cpu=2.43s flat=5/15
  [pi-review a1] cpu=2.44s flat=0/15
  [pi-review a1] cpu=2.44s flat=1/15
  [pi-review a1] cpu=2.44s flat=2/15
  [pi-review a1] cpu=2.46s flat=0/15
  [pi-review a1] cpu=2.64s flat=0/15
  [pi-review a1] cpu=2.75s flat=0/15
  [pi-review a1] cpu=2.78s flat=0/15
  [pi-review a1] cpu=2.87s flat=0/15
  [pi-review a1] cpu=2.93s flat=0/15
  [pi-review a1] cpu=3.01s flat=0/15
  [pi-review a1] cpu=3.17s flat=0/15
  [pi-review a1] cpu=3.26s flat=0/15
  [pi-review a1] cpu=3.35s flat=0/15
  [pi-review a1] cpu=3.44s flat=0/15
[pi-review] SUCCESS on attempt 1 (12111 chars → /Users/jwang/nana-pi/docs/reviews/pi-1.0-2026-10-04/astra-r1.md; round 1)
