pi-review: note — --retries 2 = 2 re-attempt(s) after the first (3 attempt(s) total); before T2b it meant 2 attempt(s) total
pi-review: item "pi-1.0-adoption" (git:/Users/jwang/nana-pi/.git): 1 round(s) used (1 completed, 0 review(s) in flight); admitted as round 2/3 (adversarial @ 1c4a369d1b22)
[pi-review] attempt 1/3
  [pi-review a1] cpu=0.86s flat=0/15
  [pi-review a1] cpu=0.93s flat=0/15
  [pi-review a1] cpu=1.05s flat=0/15
  [pi-review a1] cpu=1.29s flat=0/15
  [pi-review a1] cpu=1.33s flat=0/15
  [pi-review a1] cpu=1.44s flat=0/15
  [pi-review a1] cpu=1.65s flat=0/15
  [pi-review a1] cpu=1.69s flat=0/15
  [pi-review a1] cpu=1.69s flat=1/15
  [pi-review a1] cpu=1.69s flat=2/15
  [pi-review a1] cpu=1.7s flat=0/15
  [pi-review a1] cpu=1.7s flat=1/15
  [pi-review a1] cpu=1.7s flat=2/15
  [pi-review a1] cpu=1.7s flat=3/15
  [pi-review a1] cpu=1.7s flat=4/15
  [pi-review a1] cpu=1.7s flat=5/15
  [pi-review a1] cpu=1.7s flat=6/15
  [pi-review a1] cpu=1.71s flat=0/15
  [pi-review a1] cpu=1.71s flat=1/15
  [pi-review a1] cpu=1.71s flat=2/15
  [pi-review a1] cpu=1.71s flat=3/15
  [pi-review a1] cpu=1.72s flat=0/15
  [pi-review a1] cpu=1.86s flat=0/15
  [pi-review a1] cpu=1.91s flat=0/15
  [pi-review a1] cpu=2.02s flat=0/15
  [pi-review a1] cpu=2.1s flat=0/15
  [pi-review a1] cpu=2.17s flat=0/15
  [pi-review a1] cpu=2.33s flat=0/15
  [pi-review a1] cpu=2.44s flat=0/15
  [pi-review a1] cpu=2.55s flat=0/15
  [pi-review a1] cpu=2.66s flat=0/15
  [pi-review a1] cpu=2.76s flat=0/15
[pi-review] SUCCESS on attempt 1 (9179 chars → /Users/jwang/nana-pi/docs/reviews/pi-1.0-2026-10-04/astra-r2.md; round 2)
