pi-review: note — --retries 2 = 2 re-attempt(s) after the first (3 attempt(s) total); before T2b it meant 2 attempt(s) total
pi-review: item "s1-sanitization" (git:/Users/jwang/nana-pi/.git): 0 round(s) used (0 completed, 0 review(s) in flight); admitted as round 1/3 (scope-adversarial @ 784267d75d5f)
[pi-review] attempt 1/3
  [pi-review a1] cpu=1.16s flat=0/15
  [pi-review a1] cpu=1.28s flat=0/15
  [pi-review a1] cpu=1.31s flat=0/15
  [pi-review a1] cpu=1.34s flat=0/15
  [pi-review a1] cpu=1.5s flat=0/15
  [pi-review a1] cpu=1.69s flat=0/15
  [pi-review a1] cpu=1.7s flat=0/15
  [pi-review a1] cpu=1.71s flat=0/15
  [pi-review a1] cpu=1.71s flat=1/15
  [pi-review a1] cpu=1.71s flat=2/15
  [pi-review a1] cpu=1.71s flat=3/15
  [pi-review a1] cpu=1.71s flat=4/15
  [pi-review a1] cpu=1.72s flat=0/15
  [pi-review a1] cpu=1.72s flat=1/15
  [pi-review a1] cpu=1.72s flat=2/15
  [pi-review a1] cpu=1.73s flat=0/15
  [pi-review a1] cpu=1.73s flat=1/15
  [pi-review a1] cpu=1.73s flat=2/15
  [pi-review a1] cpu=1.75s flat=0/15
  [pi-review a1] cpu=2s flat=0/15
  [pi-review a1] cpu=2.01s flat=0/15
  [pi-review a1] cpu=2.03s flat=0/15
  [pi-review a1] cpu=2.04s flat=0/15
  [pi-review a1] cpu=2.19s flat=0/15
  [pi-review a1] cpu=2.46s flat=0/15
[pi-review] SUCCESS on attempt 1 (7887 chars → /Users/jwang/nana-pi/docs/reviews/s1-2026-09-29/s1-sol-r1.md; round 1)
