pi-review: note — --retries 2 = 2 re-attempt(s) after the first (3 attempt(s) total); before T2b it meant 2 attempt(s) total
pi-review: item "u2-agent-dir" (git:/Users/jwang/nana-pi/.git): 2 round(s) used (2 completed, 0 review(s) in flight); admitted as round 3/3 (confirm-land @ 37e77fd850c1)
[pi-review] attempt 1/3
  [pi-review a1] cpu=0.9s flat=0/15
  [pi-review a1] cpu=0.96s flat=0/15
  [pi-review a1] cpu=1.06s flat=0/15
  [pi-review a1] cpu=1.19s flat=0/15
  [pi-review a1] cpu=1.27s flat=0/15
  [pi-review a1] cpu=1.28s flat=0/15
  [pi-review a1] cpu=1.28s flat=1/15
  [pi-review a1] cpu=1.29s flat=0/15
  [pi-review a1] cpu=1.29s flat=1/15
  [pi-review a1] cpu=1.29s flat=2/15
  [pi-review a1] cpu=1.29s flat=3/15
  [pi-review a1] cpu=1.29s flat=4/15
  [pi-review a1] cpu=1.3s flat=0/15
  [pi-review a1] cpu=1.3s flat=1/15
  [pi-review a1] cpu=1.3s flat=2/15
  [pi-review a1] cpu=1.3s flat=3/15
  [pi-review a1] cpu=1.32s flat=0/15
  [pi-review a1] cpu=1.33s flat=0/15
  [pi-review a1] cpu=1.57s flat=0/15
[pi-review] SUCCESS on attempt 1 (4438 chars → /Users/jwang/nana-pi/docs/reviews/u2-2026-09-28/u2-sol-r3.md; round 3)
