pi-review: note — --retries 2 = 2 re-attempt(s) after the first (3 attempt(s) total); before T2b it meant 2 attempt(s) total
pi-review: item "u2-agent-dir" (git:/Users/jwang/nana-pi/.git): 1 round(s) used (1 completed, 0 review(s) in flight); admitted as round 2/3 (confirm-adversarial @ 624cf8e5f569)
[pi-review] attempt 1/3
  [pi-review a1] cpu=0.85s flat=0/15
  [pi-review a1] cpu=0.85s flat=1/15
  [pi-review a1] cpu=0.85s flat=2/15
  [pi-review a1] cpu=0.9s flat=0/15
  [pi-review a1] cpu=0.92s flat=0/15
  [pi-review a1] cpu=1.01s flat=0/15
  [pi-review a1] cpu=1.03s flat=0/15
  [pi-review a1] cpu=1.08s flat=0/15
  [pi-review a1] cpu=1.24s flat=0/15
  [pi-review a1] cpu=1.25s flat=0/15
  [pi-review a1] cpu=1.25s flat=1/15
  [pi-review a1] cpu=1.25s flat=2/15
  [pi-review a1] cpu=1.26s flat=0/15
  [pi-review a1] cpu=1.26s flat=1/15
  [pi-review a1] cpu=1.26s flat=2/15
  [pi-review a1] cpu=1.26s flat=3/15
  [pi-review a1] cpu=1.27s flat=0/15
  [pi-review a1] cpu=1.27s flat=1/15
  [pi-review a1] cpu=1.27s flat=2/15
  [pi-review a1] cpu=1.27s flat=3/15
  [pi-review a1] cpu=1.29s flat=0/15
  [pi-review a1] cpu=1.47s flat=0/15
  [pi-review a1] cpu=1.54s flat=0/15
  [pi-review a1] cpu=1.55s flat=0/15
  [pi-review a1] cpu=1.72s flat=0/15
[pi-review] SUCCESS on attempt 1 (6823 chars → /Users/jwang/nana-pi/docs/reviews/u2-2026-09-28/u2-sol-r2.md; round 2)
