pi-review: note — --retries 2 = 2 re-attempt(s) after the first (3 attempt(s) total); before T2b it meant 2 attempt(s) total
pi-review: item "u2-agent-dir" (git:/Users/jwang/nana-pi/.git): 1 round(s) used (0 completed, 1 review(s) in flight); admitted as round 1/3 (revision already counted — no new round) (scope-compat @ c602c6819404)
[pi-review] attempt 1/3
  [pi-review a1] cpu=0.76s flat=0/15
  [pi-review a1] cpu=0.8s flat=0/15
  [pi-review a1] cpu=0.91s flat=0/15
  [pi-review a1] cpu=0.95s flat=0/15
  [pi-review a1] cpu=0.96s flat=0/15
  [pi-review a1] cpu=0.96s flat=1/15
  [pi-review a1] cpu=0.97s flat=0/15
  [pi-review a1] cpu=0.97s flat=1/15
  [pi-review a1] cpu=0.97s flat=2/15
  [pi-review a1] cpu=0.97s flat=3/15
  [pi-review a1] cpu=0.97s flat=4/15
  [pi-review a1] cpu=0.98s flat=0/15
  [pi-review a1] cpu=0.98s flat=1/15
  [pi-review a1] cpu=0.98s flat=2/15
  [pi-review a1] cpu=0.98s flat=3/15
  [pi-review a1] cpu=1.03s flat=0/15
  [pi-review a1] cpu=1.13s flat=0/15
  [pi-review a1] cpu=1.3s flat=0/15
[pi-review] SUCCESS on attempt 1 (4735 chars → /Users/jwang/nana-pi/docs/reviews/u2-2026-09-28/u2-sol-scope-r1.md; round 1)
